[debug] [2026-09-24T14:42:51.581Z] ----------------------------------------------------------------------
[debug] [2026-09-24T14:42:51.589Z] Command:       C:\nvm4w\nodejs\node.exe C:\nvm4w\nodejs\node_modules\firebase-tools\lib\bin\firebase.js init firestore
[debug] [2026-09-24T14:42:51.589Z] CLI Version:   15.7.0
[debug] [2026-09-24T14:42:51.589Z] Platform:      win32
[debug] [2026-09-24T14:42:51.590Z] Node Version:  v22.20.0
[debug] [2026-09-24T14:42:51.590Z] Time:          Thu Sep 24 2026 21:42:51 GMT+0700 (인도차이나 시간)
[debug] [2026-09-24T14:42:51.590Z] ----------------------------------------------------------------------
[debug] 
[debug] [2026-09-24T14:42:51.599Z] >>> [apiv2][query] GET https://firebase-public.firebaseio.com/cli.json [none]
[info] 
     ######## #### ########  ######## ########     ###     ######  ########
     ##        ##  ##     ## ##       ##     ##  ##   ##  ##       ##
     ######    ##  ########  ######   ########  #########  ######  ######
     ##        ##  ##    ##  ##       ##     ## ##     ##       ## ##
     ##       #### ##     ## ######## ########  ##     ##  ######  ########

You're about to initialize a Firebase project in this directory:

  C:\Users\Asus\Desktop\project\BEST\BEST_ERP

[info] 
=== Project Setup
[info] 
[info] First, let's associate this project directory with a Firebase project.
[info] You can create multiple project aliases by running firebase use --add, 
[info] 
[debug] [2026-09-24T14:44:11.280Z] <<< [apiv2][status] GET https://firebase-public.firebaseio.com/cli.json 200
[debug] [2026-09-24T14:44:11.282Z] <<< [apiv2][body] GET https://firebase-public.firebaseio.com/cli.json {"cloudBuildErrorAfter":1594252800000,"cloudBuildWarnAfter":1590019200000,"defaultNode10After":1594252800000,"minVersion":"3.0.5","node8DeploysDisabledAfter":1613390400000,"node8RuntimeDisabledAfter":1615809600000,"node8WarnAfter":1600128000000}
[debug] [2026-09-24T14:44:21.629Z] ExitPromptError: User force closed the prompt with SIGINT
    at Interface.sigint (C:\Users\Asus\AppData\Local\nvm\v22.20.0\node_modules\firebase-tools\node_modules\@inquirer\core\dist\commonjs\lib\create-prompt.js:101:37)
    at Interface.emit (node:events:519:28)
    at [_ttyWrite] [as _ttyWrite] (node:internal/readline/interface:1128:18)
    at ReadStream.onkeypress (node:internal/readline/interface:271:20)
    at ReadStream.emit (node:events:531:35)
    at emitKeys (node:internal/readline/utils:370:14)
    at emitKeys.next (<anonymous>)
    at ReadStream.onData (node:internal/readline/emitKeypressEvents:64:36)
    at ReadStream.emit (node:events:519:28)
    at addChunk (node:internal/streams/readable:561:12)
[error] 
[error] Error: An unexpected error has occurred.
